jun. 10, 2026 11:34:48 A. M. com.wposs.libreria_integracion_tramas.util.a b
INFORMACIÓN: El archivo de configuración no existe o no es válido.
jun. 10, 2026 11:34:48 A. M. com.wposs.libreria_integracion_tramas.controller.MainController a
INFORMACIÓN: loadView: com.wposs.libreria_integracion_tramas.controller.PcController.setIdMsj(java.lang.String)
jun. 10, 2026 11:37:00 A. M. com.wposs.libreria_integracion_tramas.util.a b
INFORMACIÓN: El archivo de configuración no existe o no es válido.
jun. 10, 2026 11:37:00 A. M. com.wposs.libreria_integracion_tramas.controller.MainController a
INFORMACIÓN: loadView: com.wposs.libreria_integracion_tramas.controller.PpController.setIdMsj(java.lang.String)
jun. 10, 2026 11:40:08 A. M. com.wposs.libreria_integracion_tramas.util.a b
INFORMACIÓN: El archivo de configuración no existe o no es válido.
jun. 10, 2026 11:40:08 A. M. com.wposs.libreria_integracion_tramas.controller.MainController a
INFORMACIÓN: loadView: com.wposs.libreria_integracion_tramas.controller.PpController.setIdMsj(java.lang.String)
jun. 10, 2026 11:40:50 A. M. com.wposs.libreria_integracion_tramas.model.e c
INFORMACIÓN: getTotalAmount: For input string: ""
jun. 10, 2026 11:40:50 A. M. com.wposs.libreria_integracion_tramas.model.e c
INFORMACIÓN: getTotalAmount: For input string: ""
jun. 10, 2026 11:40:50 A. M. com.wposs.libreria_integracion_tramas.model.e c
INFORMACIÓN: getTotalAmount: For input string: ""
jun. 10, 2026 11:40:50 A. M. com.wposs.libreria_integracion_tramas.util.f a
INFORMACIÓN: _save: Si el archivo no existe se creará después. reverso_pinpad.properties (El sistema no puede encontrar el archivo especificado)
jun. 10, 2026 11:41:54 A. M. com.wposs.libreria_integracion_tramas.controller.MainController a
INFORMACIÓN: loadView: com.wposs.libreria_integracion_tramas.controller.PpController.setIdMsj(java.lang.String)
jun. 10, 2026 11:42:01 A. M. com.wposs.libreria_integracion_tramas.model.e c
INFORMACIÓN: getTotalAmount: For input string: ""
jun. 10, 2026 11:42:01 A. M. com.wposs.libreria_integracion_tramas.model.e c
INFORMACIÓN: getTotalAmount: For input string: ""
jun. 10, 2026 11:42:01 A. M. com.wposs.libreria_integracion_tramas.model.e c
INFORMACIÓN: getTotalAmount: For input string: ""
jun. 10, 2026 11:48:21 A. M. com.wposs.libreria_integracion_tramas.controller.MainController a
INFORMACIÓN: loadView: com.wposs.libreria_integracion_tramas.controller.PpController.setIdMsj(java.lang.String)
jun. 10, 2026 11:48:26 A. M. com.wposs.libreria_integracion_tramas.model.e c
INFORMACIÓN: getTotalAmount: For input string: ""
jun. 10, 2026 11:48:26 A. M. com.wposs.libreria_integracion_tramas.model.e c
INFORMACIÓN: getTotalAmount: For input string: ""
jun. 10, 2026 11:48:26 A. M. com.wposs.libreria_integracion_tramas.model.e c
INFORMACIÓN: getTotalAmount: For input string: ""
jun. 10, 2026 11:55:09 A. M. com.wposs.libreria_integracion_tramas.controller.MainController a
INFORMACIÓN: loadView: com.wposs.libreria_integracion_tramas.controller.PpController.setIdMsj(java.lang.String)
jun. 10, 2026 11:55:46 A. M. com.wposs.libreria_integracion_tramas.model.e c
INFORMACIÓN: getTotalAmount: For input string: ""
jun. 10, 2026 11:55:46 A. M. com.wposs.libreria_integracion_tramas.model.e c
INFORMACIÓN: getTotalAmount: For input string: ""
jun. 10, 2026 11:55:46 A. M. com.wposs.libreria_integracion_tramas.model.e c
INFORMACIÓN: getTotalAmount: For input string: ""
jun. 10, 2026 11:56:22 A. M. com.wposs.libreria_integracion_tramas.controller.MainController a
INFORMACIÓN: loadView: com.wposs.libreria_integracion_tramas.controller.PpController.setIdMsj(java.lang.String)
jun. 10, 2026 11:56:31 A. M. com.wposs.libreria_integracion_tramas.model.e c
INFORMACIÓN: getTotalAmount: For input string: ""
jun. 10, 2026 11:56:31 A. M. com.wposs.libreria_integracion_tramas.model.e c
INFORMACIÓN: getTotalAmount: For input string: ""
jun. 10, 2026 11:56:31 A. M. com.wposs.libreria_integracion_tramas.model.e c
INFORMACIÓN: getTotalAmount: For input string: ""
jun. 10, 2026 12:14:49 P. M. com.wposs.libreria_integracion_tramas.controller.MainController a
INFORMACIÓN: loadView: com.wposs.libreria_integracion_tramas.controller.PpController.setIdMsj(java.lang.String)
jun. 10, 2026 12:15:17 P. M. com.wposs.libreria_integracion_tramas.model.e c
INFORMACIÓN: getTotalAmount: For input string: ""
jun. 10, 2026 12:15:17 P. M. com.wposs.libreria_integracion_tramas.model.e c
INFORMACIÓN: getTotalAmount: For input string: ""
jun. 10, 2026 12:15:17 P. M. com.wposs.libreria_integracion_tramas.model.e c
INFORMACIÓN: getTotalAmount: For input string: ""
